// Jest Snapshot v1, https://goo.gl/fbAQLP

exports[`InputField component should render without errors 1`] = `
<Fragment>
  <FormGroup
    className="inf"
    tag="div"
  >
    <Input
      className="input firstname is-invalid"
      name="lastName"
      placeholder="Last name"
      type="text"
    />
  </FormGroup>
</Fragment>
`;
