// Jest Snapshot v1, https://goo.gl/fbAQLP

exports[`Modules component should render without errors 1`] = `
<div>
  <h2>
     This is the Module pPage
  </h2>
  <Link
    to="/login"
  >
     Go to Login Page 
  </Link>
  <br />
  <Link
    to="/signup"
  >
     Go to Signup Page 
  </Link>
</div>
`;
